npm WARN deprecated tar@6.2.1: Old versions of tar are not supported, and contain widely publicized security vulnerabilities, which have been fixed in the current version. Please update. Support for old versions may be purchased (at exorbitant rates) by contacting i@izs.me
npm WARN deprecated uuid@8.3.2: uuid@10 and below is no longer supported.  For ESM codebases, update to uuid@latest.  For CommonJS codebases, use uuid@11 (but be aware this version will likely be deprecated in 2028).
npm WARN tar TAR_ENTRY_ERROR ENOENT: no such file or directory, open 'F:\Programmation\health-kicks-frontend\node_modules\tailwindcss\lib\postcss-plugins\nesting\README.md'
npm WARN tar TAR_ENTRY_ERROR ENOENT: no such file or directory, open 'F:\Programmation\health-kicks-frontend\node_modules\tailwindcss\nesting\index.d.ts'
npm WARN tar TAR_ENTRY_ERROR ENOENT: no such file or directory, open 'F:\Programmation\health-kicks-frontend\node_modules\tailwindcss\src\lib\load-config.ts'
npm WARN cleanup Failed to remove some directories [
npm WARN cleanup   [
npm WARN cleanup     'F:\\Programmation\\health-kicks-frontend\\node_modules\\@types\\.node-qCG005y9',
npm WARN cleanup     [Error: EBUSY: resource busy or locked, rmdir 'F:\Programmation\health-kicks-frontend\node_modules\@types\.node-qCG005y9'] {
npm WARN cleanup       errno: -4082,
npm WARN cleanup       code: 'EBUSY',
npm WARN cleanup       syscall: 'rmdir',
npm WARN cleanup       path: 'F:\\Programmation\\health-kicks-frontend\\node_modules\\@types\\.node-qCG005y9'
npm WARN cleanup     }
npm WARN cleanup   ],
npm WARN cleanup   [
npm WARN cleanup     'F:\\Programmation\\health-kicks-frontend\\node_modules\\source-map-loader\\node_modules\\.iconv-lite-y9DCBIDT',
npm WARN cleanup     [Error: ENOTEMPTY: directory not empty, rmdir 'F:\Programmation\health-kicks-frontend\node_modules\source-map-loader\node_modules\.iconv-lite-y9DCBIDT\encodings'] {
npm WARN cleanup       errno: -4051,
npm WARN cleanup       code: 'ENOTEMPTY',
npm WARN cleanup       syscall: 'rmdir',
npm WARN cleanup       path: 'F:\\Programmation\\health-kicks-frontend\\node_modules\\source-map-loader\\node_modules\\.iconv-lite-y9DCBIDT\\encodings'
npm WARN cleanup     }
npm WARN cleanup   ],
npm WARN cleanup   [
npm WARN cleanup     'F:\\Programmation\\health-kicks-frontend\\node_modules\\encoding\\node_modules\\.iconv-lite-0631TcZW',
npm WARN cleanup     [Error: ENOTEMPTY: directory not empty, rmdir 'F:\Programmation\health-kicks-frontend\node_modules\encoding\node_modules\.iconv-lite-0631TcZW\encodings'] {
npm WARN cleanup       errno: -4051,
npm WARN cleanup       code: 'ENOTEMPTY',
npm WARN cleanup       syscall: 'rmdir',
npm WARN cleanup       path: 'F:\\Programmation\\health-kicks-frontend\\node_modules\\encoding\\node_modules\\.iconv-lite-0631TcZW\\encodings'
npm WARN cleanup     }
npm WARN cleanup   ],
npm WARN cleanup   [
npm WARN cleanup     'F:\\Programmation\\health-kicks-frontend\\node_modules\\cacache\\node_modules\\.tar-uQNz7hpe',
npm WARN cleanup     [Error: ENOTEMPTY: directory not empty, rmdir 'F:\Programmation\health-kicks-frontend\node_modules\cacache\node_modules\.tar-uQNz7hpe'] {
npm WARN cleanup       errno: -4051,
npm WARN cleanup       code: 'ENOTEMPTY',
npm WARN cleanup       syscall: 'rmdir',
npm WARN cleanup       path: 'F:\\Programmation\\health-kicks-frontend\\node_modules\\cacache\\node_modules\\.tar-uQNz7hpe'
npm WARN cleanup     }
npm WARN cleanup   ],
npm WARN cleanup   [
npm WARN cleanup     'F:\\Programmation\\health-kicks-frontend\\node_modules\\.vite-YER6U7Eu',
npm WARN cleanup     [Error: ENOTEMPTY: directory not empty, rmdir 'F:\Programmation\health-kicks-frontend\node_modules\.vite-YER6U7Eu\dist'] {
npm WARN cleanup       errno: -4051,
npm WARN cleanup       code: 'ENOTEMPTY',
npm WARN cleanup       syscall: 'rmdir',
npm WARN cleanup       path: 'F:\\Programmation\\health-kicks-frontend\\node_modules\\.vite-YER6U7Eu\\dist'
npm WARN cleanup     }
npm WARN cleanup   ],
npm WARN cleanup   [
npm WARN cleanup     'F:\\Programmation\\health-kicks-frontend\\node_modules\\@angular-devkit\\build-webpack\\node_modules\\.rxjs-c7NIcH0d',
npm WARN cleanup     [Error: ENOTEMPTY: directory not empty, rmdir 'F:\Programmation\health-kicks-frontend\node_modules\@angular-devkit\build-webpack\node_modules\.rxjs-c7NIcH0d\dist\esm'] {
npm WARN cleanup       errno: -4051,
npm WARN cleanup       code: 'ENOTEMPTY',
npm WARN cleanup       syscall: 'rmdir',
npm WARN cleanup       path: 'F:\\Programmation\\health-kicks-frontend\\node_modules\\@angular-devkit\\build-webpack\\node_modules\\.rxjs-c7NIcH0d\\dist\\esm'
npm WARN cleanup     }
npm WARN cleanup   ]
npm WARN cleanup ]

added 308 packages, removed 57 packages, and changed 9 packages in 2m
